2026-05-20 22:49:45.4307665 [W:onnxruntime:, graph.cc:3490 onnxruntime::Graph::CleanUnusedInitializersAndNodeArgs] Removing initializer '/model/decoder/Constant_17_output_0'. It is not used by any node and should be removed from the model.
2026-05-20 22:49:45.4631423 [W:onnxruntime:, graph.cc:3490 onnxruntime::Graph::CleanUnusedInitializersAndNodeArgs] Removing initializer '/model/decoder/Constant_22_output_0'. It is not used by any node and should be removed from the model.
2026-05-20 22:49:45.4918366 [W:onnxruntime:, graph.cc:3490 onnxruntime::Graph::CleanUnusedInitializersAndNodeArgs] Removing initializer '/model/decoder/Shape_7_output_0'. It is not used by any node and should be removed from the model.
2026-05-20 22:49:45.5217591 [W:onnxruntime:, graph.cc:3490 onnxruntime::Graph::CleanUnusedInitializersAndNodeArgs] Removing initializer '/model/decoder/Shape_4_output_0'. It is not used by any node and should be removed from the model.
2026-05-20 22:49:45.5510816 [W:onnxruntime:, graph.cc:3490 onnxruntime::Graph::CleanUnusedInitializersAndNodeArgs] Removing initializer '/model/decoder/Constant_8_output_0'. It is not used by any node and should be removed from the model.
2026-05-20 22:49:45.5803284 [W:onnxruntime:, graph.cc:3490 onnxruntime::Graph::CleanUnusedInitializersAndNodeArgs] Removing initializer '/model/decoder/Shape_4_output_0'. It is not used by any node and should be removed from the model.
2026-05-20 22:49:45.8401073 [W:onnxruntime:, graph.cc:3490 onnxruntime::Graph::CleanUnusedInitializersAndNodeArgs] Removing initializer '/model/decoder/Constant_2_output_0'. It is not used by any node and should be removed from the model.
2026-05-20 22:49:45.8711618 [W:onnxruntime:, graph.cc:3490 onnxruntime::Graph::CleanUnusedInitializersAndNodeArgs] Removing initializer '/model/decoder/Constant_13_output_0'. It is not used by any node and should be removed from the model.
2026-05-20 22:49:45.8993339 [W:onnxruntime:, graph.cc:3490 onnxruntime::Graph::CleanUnusedInitializersAndNodeArgs] Removing initializer '/model/decoder/Constant_12_output_0'. It is not used by any node and should be removed from the model.
2026-05-20 22:49:45.9265033 [W:onnxruntime:, graph.cc:3490 onnxruntime::Graph::CleanUnusedInitializersAndNodeArgs] Removing initializer '/model/decoder/Constant_10_output_0'. It is not used by any node and should be removed from the model.
2026-05-20 22:49:45.9561558 [W:onnxruntime:, graph.cc:3490 onnxruntime::Graph::CleanUnusedInitializersAndNodeArgs] Removing initializer '/model/decoder/Constant_11_output_0'. It is not used by any node and should be removed from the model.
2026-05-20 22:49:45.9838598 [W:onnxruntime:, graph.cc:3490 onnxruntime::Graph::CleanUnusedInitializersAndNodeArgs] Removing initializer '/model/decoder/Constant_1_output_0'. It is not used by any node and should be removed from the model.
2026-05-20 22:49:46.7018384 [W:onnxruntime:, graph.cc:3490 onnxruntime::Graph::CleanUnusedInitializersAndNodeArgs] Removing initializer '/model/decoder/layers.11/final_layer_norm/Constant_output_0'. It is not used by any node and should be removed from the model.
2026-05-20 22:49:46.7380993 [W:onnxruntime:, graph.cc:3490 onnxruntime::Graph::CleanUnusedInitializersAndNodeArgs] Removing initializer '/model/decoder/layers.0/encoder_attn_layer_norm/Constant_output_0'. It is not used by any node and should be removed from the model.
2026-05-20 22:49:46.7654863 [W:onnxruntime:, graph.cc:3490 onnxruntime::Graph::CleanUnusedInitializersAndNodeArgs] Removing initializer '/model/decoder/layers.3/self_attn_layer_norm/Constant_output_0'. It is not used by any node and should be removed from the model.
2026-05-20 22:49:46.7959564 [W:onnxruntime:, graph.cc:3490 onnxruntime::Graph::CleanUnusedInitializersAndNodeArgs] Removing initializer '/model/decoder/layers.1/encoder_attn_layer_norm/Constant_1_output_0'. It is not used by any node and should be removed from the model.
2026-05-20 22:49:46.8270756 [W:onnxruntime:, graph.cc:3490 onnxruntime::Graph::CleanUnusedInitializersAndNodeArgs] Removing initializer '/model/decoder/layers.8/final_layer_norm/Constant_1_output_0'. It is not used by any node and should be removed from the model.
2026-05-20 22:49:46.8584817 [W:onnxruntime:, graph.cc:3490 onnxruntime::Graph::CleanUnusedInitializersAndNodeArgs] Removing initializer '/model/decoder/layers.0/final_layer_norm/Constant_output_0'. It is not used by any node and should be removed from the model.
2026-05-20 22:49:46.8919737 [W:onnxruntime:, graph.cc:3490 onnxruntime::Graph::CleanUnusedInitializersAndNodeArgs] Removing initializer '/model/decoder/layers.0/self_attn_layer_norm/Constant_1_output_0'. It is not used by any node and should be removed from the model.
2026-05-20 22:49:46.9249005 [W:onnxruntime:, graph.cc:3490 onnxruntime::Graph::CleanUnusedInitializersAndNodeArgs] Removing initializer '/model/decoder/layers.2/encoder_attn_layer_norm/Constant_output_0'. It is not used by any node and should be removed from the model.
2026-05-20 22:49:46.9581886 [W:onnxruntime:, graph.cc:3490 onnxruntime::Graph::CleanUnusedInitializersAndNodeArgs] Removing initializer '/model/decoder/layers.10/self_attn_layer_norm/Constant_1_output_0'. It is not used by any node and should be removed from the model.
2026-05-20 22:49:46.9893625 [W:onnxruntime:, graph.cc:3490 onnxruntime::Graph::CleanUnusedInitializersAndNodeArgs] Removing initializer '/model/decoder/layers.0/encoder_attn_layer_norm/Constant_1_output_0'. It is not used by any node and should be removed from the model.
2026-05-20 22:49:47.0177371 [W:onnxruntime:, graph.cc:3490 onnxruntime::Graph::CleanUnusedInitializersAndNodeArgs] Removing initializer '/model/decoder/layers.3/final_layer_norm/Constant_1_output_0'. It is not used by any node and should be removed from the model.
2026-05-20 22:49:47.0434955 [W:onnxruntime:, graph.cc:3490 onnxruntime::Graph::CleanUnusedInitializersAndNodeArgs] Removing initializer '/model/decoder/layers.0/self_attn_layer_norm/Constant_output_0'. It is not used by any node and should be removed from the model.
2026-05-20 22:49:47.0701492 [W:onnxruntime:, graph.cc:3490 onnxruntime::Graph::CleanUnusedInitializersAndNodeArgs] Removing initializer '/model/decoder/layers.6/final_layer_norm/Constant_output_0'. It is not used by any node and should be removed from the model.
2026-05-20 22:49:47.0953666 [W:onnxruntime:, graph.cc:3490 onnxruntime::Graph::CleanUnusedInitializersAndNodeArgs] Removing initializer '/model/decoder/layers.5/encoder_attn_layer_norm/Constant_1_output_0'. It is not used by any node and should be removed from the model.
2026-05-20 22:49:47.1225095 [W:onnxruntime:, graph.cc:3490 onnxruntime::Graph::CleanUnusedInitializersAndNodeArgs] Removing initializer '/model/decoder/layers.0/final_layer_norm/Constant_1_output_0'. It is not used by any node and should be removed from the model.
2026-05-20 22:49:47.1507188 [W:onnxruntime:, graph.cc:3490 onnxruntime::Graph::CleanUnusedInitializersAndNodeArgs] Removing initializer '/model/decoder/layers.1/self_attn_layer_norm/Constant_output_0'. It is not used by any node and should be removed from the model.
2026-05-20 22:49:47.1762032 [W:onnxruntime:, graph.cc:3490 onnxruntime::Graph::CleanUnusedInitializersAndNodeArgs] Removing initializer '/model/decoder/layers.5/self_attn_layer_norm/Constant_output_0'. It is not used by any node and should be removed from the model.
2026-05-20 22:49:47.2046084 [W:onnxruntime:, graph.cc:3490 onnxruntime::Graph::CleanUnusedInitializersAndNodeArgs] Removing initializer '/model/decoder/layers.1/self_attn_layer_norm/Constant_1_output_0'. It is not used by any node and should be removed from the model.
2026-05-20 22:49:47.2343849 [W:onnxruntime:, graph.cc:3490 onnxruntime::Graph::CleanUnusedInitializersAndNodeArgs] Removing initializer '/model/decoder/layer_norm/Constant_output_0'. It is not used by any node and should be removed from the model.
2026-05-20 22:49:47.2599282 [W:onnxruntime:, graph.cc:3490 onnxruntime::Graph::CleanUnusedInitializersAndNodeArgs] Removing initializer '/model/decoder/layers.11/self_attn_layer_norm/Constant_output_0'. It is not used by any node and should be removed from the model.
2026-05-20 22:49:47.2900689 [W:onnxruntime:, graph.cc:3490 onnxruntime::Graph::CleanUnusedInitializersAndNodeArgs] Removing initializer '/model/decoder/layers.2/self_attn_layer_norm/Constant_1_output_0'. It is not used by any node and should be removed from the model.
2026-05-20 22:49:47.3196164 [W:onnxruntime:, graph.cc:3490 onnxruntime::Graph::CleanUnusedInitializersAndNodeArgs] Removing initializer '/model/decoder/layers.1/encoder_attn_layer_norm/Constant_output_0'. It is not used by any node and should be removed from the model.
2026-05-20 22:49:47.3474201 [W:onnxruntime:, graph.cc:3490 onnxruntime::Graph::CleanUnusedInitializersAndNodeArgs] Removing initializer '/model/decoder/layers.7/final_layer_norm/Constant_1_output_0'. It is not used by any node and should be removed from the model.
2026-05-20 22:49:47.3749959 [W:onnxruntime:, graph.cc:3490 onnxruntime::Graph::CleanUnusedInitializersAndNodeArgs] Removing initializer '/model/decoder/layers.1/final_layer_norm/Constant_output_0'. It is not used by any node and should be removed from the model.
2026-05-20 22:49:47.4017298 [W:onnxruntime:, graph.cc:3490 onnxruntime::Graph::CleanUnusedInitializersAndNodeArgs] Removing initializer '/model/decoder/layers.1/final_layer_norm/Constant_1_output_0'. It is not used by any node and should be removed from the model.
2026-05-20 22:49:47.4297066 [W:onnxruntime:, graph.cc:3490 onnxruntime::Graph::CleanUnusedInitializersAndNodeArgs] Removing initializer '/model/decoder/layers.2/self_attn_layer_norm/Constant_output_0'. It is not used by any node and should be removed from the model.
2026-05-20 22:49:47.4566637 [W:onnxruntime:, graph.cc:3490 onnxruntime::Graph::CleanUnusedInitializersAndNodeArgs] Removing initializer '/model/decoder/layers.11/encoder_attn_layer_norm/Constant_1_output_0'. It is not used by any node and should be removed from the model.
2026-05-20 22:49:47.4854309 [W:onnxruntime:, graph.cc:3490 onnxruntime::Graph::CleanUnusedInitializersAndNodeArgs] Removing initializer '/model/decoder/layers.7/encoder_attn_layer_norm/Constant_output_0'. It is not used by any node and should be removed from the model.
2026-05-20 22:49:47.5134357 [W:onnxruntime:, graph.cc:3490 onnxruntime::Graph::CleanUnusedInitializersAndNodeArgs] Removing initializer '/model/decoder/layers.2/encoder_attn_layer_norm/Constant_1_output_0'. It is not used by any node and should be removed from the model.
2026-05-20 22:49:47.5412635 [W:onnxruntime:, graph.cc:3490 onnxruntime::Graph::CleanUnusedInitializersAndNodeArgs] Removing initializer '/model/decoder/layers.9/final_layer_norm/Constant_1_output_0'. It is not used by any node and should be removed from the model.
2026-05-20 22:49:47.5703678 [W:onnxruntime:, graph.cc:3490 onnxruntime::Graph::CleanUnusedInitializersAndNodeArgs] Removing initializer '/model/decoder/layers.4/final_layer_norm/Constant_output_0'. It is not used by any node and should be removed from the model.
2026-05-20 22:49:47.5965375 [W:onnxruntime:, graph.cc:3490 onnxruntime::Graph::CleanUnusedInitializersAndNodeArgs] Removing initializer '/model/decoder/layers.4/encoder_attn_layer_norm/Constant_1_output_0'. It is not used by any node and should be removed from the model.
2026-05-20 22:49:47.6239210 [W:onnxruntime:, graph.cc:3490 onnxruntime::Graph::CleanUnusedInitializersAndNodeArgs] Removing initializer '/model/decoder/layers.2/final_layer_norm/Constant_output_0'. It is not used by any node and should be removed from the model.
2026-05-20 22:49:47.6505874 [W:onnxruntime:, graph.cc:3490 onnxruntime::Graph::CleanUnusedInitializersAndNodeArgs] Removing initializer '/model/decoder/layers.2/final_layer_norm/Constant_1_output_0'. It is not used by any node and should be removed from the model.
2026-05-20 22:49:47.6766851 [W:onnxruntime:, graph.cc:3490 onnxruntime::Graph::CleanUnusedInitializersAndNodeArgs] Removing initializer '/model/decoder/layers.3/self_attn_layer_norm/Constant_1_output_0'. It is not used by any node and should be removed from the model.
2026-05-20 22:49:47.7065171 [W:onnxruntime:, graph.cc:3490 onnxruntime::Graph::CleanUnusedInitializersAndNodeArgs] Removing initializer '/model/decoder/layers.3/encoder_attn_layer_norm/Constant_output_0'. It is not used by any node and should be removed from the model.
2026-05-20 22:49:47.7343422 [W:onnxruntime:, graph.cc:3490 onnxruntime::Graph::CleanUnusedInitializersAndNodeArgs] Removing initializer '/model/decoder/layers.3/encoder_attn_layer_norm/Constant_1_output_0'. It is not used by any node and should be removed from the model.
2026-05-20 22:49:47.7643460 [W:onnxruntime:, graph.cc:3490 onnxruntime::Graph::CleanUnusedInitializersAndNodeArgs] Removing initializer '/model/decoder/layers.3/final_layer_norm/Constant_output_0'. It is not used by any node and should be removed from the model.
2026-05-20 22:49:47.7912588 [W:onnxruntime:, graph.cc:3490 onnxruntime::Graph::CleanUnusedInitializersAndNodeArgs] Removing initializer '/model/decoder/layers.4/self_attn_layer_norm/Constant_output_0'. It is not used by any node and should be removed from the model.
2026-05-20 22:49:47.8192234 [W:onnxruntime:, graph.cc:3490 onnxruntime::Graph::CleanUnusedInitializersAndNodeArgs] Removing initializer '/model/decoder/layers.4/self_attn_layer_norm/Constant_1_output_0'. It is not used by any node and should be removed from the model.
2026-05-20 22:49:47.8494828 [W:onnxruntime:, graph.cc:3490 onnxruntime::Graph::CleanUnusedInitializersAndNodeArgs] Removing initializer '/model/decoder/layers.4/encoder_attn_layer_norm/Constant_output_0'. It is not used by any node and should be removed from the model.
2026-05-20 22:49:47.8774066 [W:onnxruntime:, graph.cc:3490 onnxruntime::Graph::CleanUnusedInitializersAndNodeArgs] Removing initializer '/model/decoder/layers.4/final_layer_norm/Constant_1_output_0'. It is not used by any node and should be removed from the model.
2026-05-20 22:49:47.9039259 [W:onnxruntime:, graph.cc:3490 onnxruntime::Graph::CleanUnusedInitializersAndNodeArgs] Removing initializer '/model/decoder/layers.5/self_attn_layer_norm/Constant_1_output_0'. It is not used by any node and should be removed from the model.
2026-05-20 22:49:47.9326871 [W:onnxruntime:, graph.cc:3490 onnxruntime::Graph::CleanUnusedInitializersAndNodeArgs] Removing initializer '/model/decoder/layers.10/final_layer_norm/Constant_1_output_0'. It is not used by any node and should be removed from the model.
2026-05-20 22:49:47.9599491 [W:onnxruntime:, graph.cc:3490 onnxruntime::Graph::CleanUnusedInitializersAndNodeArgs] Removing initializer '/model/decoder/layers.5/encoder_attn_layer_norm/Constant_output_0'. It is not used by any node and should be removed from the model.
2026-05-20 22:49:47.9864516 [W:onnxruntime:, graph.cc:3490 onnxruntime::Graph::CleanUnusedInitializersAndNodeArgs] Removing initializer '/model/decoder/layers.5/final_layer_norm/Constant_output_0'. It is not used by any node and should be removed from the model.
2026-05-20 22:49:48.0117016 [W:onnxruntime:, graph.cc:3490 onnxruntime::Graph::CleanUnusedInitializersAndNodeArgs] Removing initializer '/model/decoder/layers.5/final_layer_norm/Constant_1_output_0'. It is not used by any node and should be removed from the model.
2026-05-20 22:49:48.0400235 [W:onnxruntime:, graph.cc:3490 onnxruntime::Graph::CleanUnusedInitializersAndNodeArgs] Removing initializer '/model/decoder/layers.6/self_attn_layer_norm/Constant_output_0'. It is not used by any node and should be removed from the model.
2026-05-20 22:49:48.0684308 [W:onnxruntime:, graph.cc:3490 onnxruntime::Graph::CleanUnusedInitializersAndNodeArgs] Removing initializer '/model/decoder/layers.6/self_attn_layer_norm/Constant_1_output_0'. It is not used by any node and should be removed from the model.
2026-05-20 22:49:48.0974645 [W:onnxruntime:, graph.cc:3490 onnxruntime::Graph::CleanUnusedInitializersAndNodeArgs] Removing initializer '/model/decoder/layers.7/encoder_attn_layer_norm/Constant_1_output_0'. It is not used by any node and should be removed from the model.
2026-05-20 22:49:48.1258346 [W:onnxruntime:, graph.cc:3490 onnxruntime::Graph::CleanUnusedInitializersAndNodeArgs] Removing initializer '/model/decoder/layers.6/encoder_attn_layer_norm/Constant_output_0'. It is not used by any node and should be removed from the model.
2026-05-20 22:49:48.1541897 [W:onnxruntime:, graph.cc:3490 onnxruntime::Graph::CleanUnusedInitializersAndNodeArgs] Removing initializer '/model/decoder/layers.6/encoder_attn_layer_norm/Constant_1_output_0'. It is not used by any node and should be removed from the model.
2026-05-20 22:49:48.1816883 [W:onnxruntime:, graph.cc:3490 onnxruntime::Graph::CleanUnusedInitializersAndNodeArgs] Removing initializer '/model/decoder/layers.6/final_layer_norm/Constant_1_output_0'. It is not used by any node and should be removed from the model.
2026-05-20 22:49:48.2113036 [W:onnxruntime:, graph.cc:3490 onnxruntime::Graph::CleanUnusedInitializersAndNodeArgs] Removing initializer '/model/decoder/layers.7/self_attn_layer_norm/Constant_output_0'. It is not used by any node and should be removed from the model.
2026-05-20 22:49:48.2386617 [W:onnxruntime:, graph.cc:3490 onnxruntime::Graph::CleanUnusedInitializersAndNodeArgs] Removing initializer '/model/decoder/layers.7/self_attn_layer_norm/Constant_1_output_0'. It is not used by any node and should be removed from the model.
2026-05-20 22:49:48.2666795 [W:onnxruntime:, graph.cc:3490 onnxruntime::Graph::CleanUnusedInitializersAndNodeArgs] Removing initializer '/model/decoder/layers.10/encoder_attn_layer_norm/Constant_output_0'. It is not used by any node and should be removed from the model.
2026-05-20 22:49:48.2957218 [W:onnxruntime:, graph.cc:3490 onnxruntime::Graph::CleanUnusedInitializersAndNodeArgs] Removing initializer '/model/decoder/layers.8/self_attn_layer_norm/Constant_1_output_0'. It is not used by any node and should be removed from the model.
2026-05-20 22:49:48.3246228 [W:onnxruntime:, graph.cc:3490 onnxruntime::Graph::CleanUnusedInitializersAndNodeArgs] Removing initializer '/model/decoder/layers.7/final_layer_norm/Constant_output_0'. It is not used by any node and should be removed from the model.
2026-05-20 22:49:48.3521432 [W:onnxruntime:, graph.cc:3490 onnxruntime::Graph::CleanUnusedInitializersAndNodeArgs] Removing initializer '/model/decoder/layers.8/self_attn_layer_norm/Constant_output_0'. It is not used by any node and should be removed from the model.
2026-05-20 22:49:48.3801392 [W:onnxruntime:, graph.cc:3490 onnxruntime::Graph::CleanUnusedInitializersAndNodeArgs] Removing initializer '/model/decoder/layers.8/encoder_attn_layer_norm/Constant_output_0'. It is not used by any node and should be removed from the model.
2026-05-20 22:49:48.4080831 [W:onnxruntime:, graph.cc:3490 onnxruntime::Graph::CleanUnusedInitializersAndNodeArgs] Removing initializer '/model/decoder/layers.8/encoder_attn_layer_norm/Constant_1_output_0'. It is not used by any node and should be removed from the model.
2026-05-20 22:49:48.4351968 [W:onnxruntime:, graph.cc:3490 onnxruntime::Graph::CleanUnusedInitializersAndNodeArgs] Removing initializer '/model/decoder/layers.8/final_layer_norm/Constant_output_0'. It is not used by any node and should be removed from the model.
2026-05-20 22:49:48.4649772 [W:onnxruntime:, graph.cc:3490 onnxruntime::Graph::CleanUnusedInitializersAndNodeArgs] Removing initializer '/model/decoder/layers.9/self_attn_layer_norm/Constant_output_0'. It is not used by any node and should be removed from the model.
2026-05-20 22:49:48.4928584 [W:onnxruntime:, graph.cc:3490 onnxruntime::Graph::CleanUnusedInitializersAndNodeArgs] Removing initializer '/model/decoder/layers.9/self_attn_layer_norm/Constant_1_output_0'. It is not used by any node and should be removed from the model.
2026-05-20 22:49:48.5214579 [W:onnxruntime:, graph.cc:3490 onnxruntime::Graph::CleanUnusedInitializersAndNodeArgs] Removing initializer '/model/decoder/layers.11/encoder_attn_layer_norm/Constant_output_0'. It is not used by any node and should be removed from the model.
2026-05-20 22:49:48.5501793 [W:onnxruntime:, graph.cc:3490 onnxruntime::Graph::CleanUnusedInitializersAndNodeArgs] Removing initializer '/model/decoder/layers.9/encoder_attn_layer_norm/Constant_output_0'. It is not used by any node and should be removed from the model.
2026-05-20 22:49:48.5776409 [W:onnxruntime:, graph.cc:3490 onnxruntime::Graph::CleanUnusedInitializersAndNodeArgs] Removing initializer '/model/decoder/layers.9/encoder_attn_layer_norm/Constant_1_output_0'. It is not used by any node and should be removed from the model.
2026-05-20 22:49:48.6056693 [W:onnxruntime:, graph.cc:3490 onnxruntime::Graph::CleanUnusedInitializersAndNodeArgs] Removing initializer '/model/decoder/layers.9/final_layer_norm/Constant_output_0'. It is not used by any node and should be removed from the model.
2026-05-20 22:49:48.6365330 [W:onnxruntime:, graph.cc:3490 onnxruntime::Graph::CleanUnusedInitializersAndNodeArgs] Removing initializer '/model/decoder/layers.10/self_attn_layer_norm/Constant_output_0'. It is not used by any node and should be removed from the model.
2026-05-20 22:49:48.6650399 [W:onnxruntime:, graph.cc:3490 onnxruntime::Graph::CleanUnusedInitializersAndNodeArgs] Removing initializer '/model/decoder/layers.10/encoder_attn_layer_norm/Constant_1_output_0'. It is not used by any node and should be removed from the model.
2026-05-20 22:49:48.6916566 [W:onnxruntime:, graph.cc:3490 onnxruntime::Graph::CleanUnusedInitializersAndNodeArgs] Removing initializer '/model/decoder/layers.10/final_layer_norm/Constant_output_0'. It is not used by any node and should be removed from the model.
2026-05-20 22:49:48.7191258 [W:onnxruntime:, graph.cc:3490 onnxruntime::Graph::CleanUnusedInitializersAndNodeArgs] Removing initializer '/model/decoder/layers.11/self_attn_layer_norm/Constant_1_output_0'. It is not used by any node and should be removed from the model.
2026-05-20 22:49:48.7460202 [W:onnxruntime:, graph.cc:3490 onnxruntime::Graph::CleanUnusedInitializersAndNodeArgs] Removing initializer '/model/decoder/layers.11/final_layer_norm/Constant_1_output_0'. It is not used by any node and should be removed from the model.
2026-05-20 22:49:48.7722859 [W:onnxruntime:, graph.cc:3490 onnxruntime::Graph::CleanUnusedInitializersAndNodeArgs] Removing initializer '/model/decoder/layer_norm/Constant_1_output_0'. It is not used by any node and should be removed from the model.
2026-05-20 22:49:48.7981481 [W:onnxruntime:, graph.cc:3490 onnxruntime::Graph::CleanUnusedInitializersAndNodeArgs] Removing initializer '/model/decoder/layers.1/self_attn_layer_norm/Constant_output_0'. It is not used by any node and should be removed from the model.
2026-05-20 22:49:48.8238946 [W:onnxruntime:, graph.cc:3490 onnxruntime::Graph::CleanUnusedInitializersAndNodeArgs] Removing initializer '/model/decoder/layers.0/encoder_attn_layer_norm/Constant_output_0'. It is not used by any node and should be removed from the model.
2026-05-20 22:49:48.8559250 [W:onnxruntime:, graph.cc:3490 onnxruntime::Graph::CleanUnusedInitializersAndNodeArgs] Removing initializer '/model/decoder/layers.1/encoder_attn_layer_norm/Constant_1_output_0'. It is not used by any node and should be removed from the model.
2026-05-20 22:49:48.8844831 [W:onnxruntime:, graph.cc:3490 onnxruntime::Graph::CleanUnusedInitializersAndNodeArgs] Removing initializer '/model/decoder/layers.0/final_layer_norm/Constant_1_output_0'. It is not used by any node and should be removed from the model.
2026-05-20 22:49:48.9137729 [W:onnxruntime:, graph.cc:3490 onnxruntime::Graph::CleanUnusedInitializersAndNodeArgs] Removing initializer '/model/decoder/layers.0/self_attn_layer_norm/Constant_output_0'. It is not used by any node and should be removed from the model.
2026-05-20 22:49:48.9426730 [W:onnxruntime:, graph.cc:3490 onnxruntime::Graph::CleanUnusedInitializersAndNodeArgs] Removing initializer '/model/decoder/layers.0/self_attn_layer_norm/Constant_1_output_0'. It is not used by any node and should be removed from the model.
2026-05-20 22:49:48.9696407 [W:onnxruntime:, graph.cc:3490 onnxruntime::Graph::CleanUnusedInitializersAndNodeArgs] Removing initializer '/model/decoder/layers.0/final_layer_norm/Constant_output_0'. It is not used by any node and should be removed from the model.
2026-05-20 22:49:48.9969445 [W:onnxruntime:, graph.cc:3490 onnxruntime::Graph::CleanUnusedInitializersAndNodeArgs] Removing initializer '/model/decoder/layers.9/encoder_attn_layer_norm/Constant_1_output_0'. It is not used by any node and should be removed from the model.
2026-05-20 22:49:49.0250251 [W:onnxruntime:, graph.cc:3490 onnxruntime::Graph::CleanUnusedInitializersAndNodeArgs] Removing initializer '/model/decoder/layers.0/encoder_attn_layer_norm/Constant_1_output_0'. It is not used by any node and should be removed from the model.
2026-05-20 22:49:49.0542253 [W:onnxruntime:, graph.cc:3490 onnxruntime::Graph::CleanUnusedInitializersAndNodeArgs] Removing initializer '/model/decoder/layers.3/final_layer_norm/Constant_1_output_0'. It is not used by any node and should be removed from the model.
2026-05-20 22:49:49.0831546 [W:onnxruntime:, graph.cc:3490 onnxruntime::Graph::CleanUnusedInitializersAndNodeArgs] Removing initializer '/model/decoder/layers.6/final_layer_norm/Constant_output_0'. It is not used by any node and should be removed from the model.
2026-05-20 22:49:49.1100020 [W:onnxruntime:, graph.cc:3490 onnxruntime::Graph::CleanUnusedInitializersAndNodeArgs] Removing initializer '/model/decoder/layers.5/encoder_attn_layer_norm/Constant_1_output_0'. It is not used by any node and should be removed from the model.
2026-05-20 22:49:49.1375032 [W:onnxruntime:, graph.cc:3490 onnxruntime::Graph::CleanUnusedInitializersAndNodeArgs] Removing initializer '/model/decoder/layers.5/self_attn_layer_norm/Constant_output_0'. It is not used by any node and should be removed from the model.
2026-05-20 22:49:49.1642166 [W:onnxruntime:, graph.cc:3490 onnxruntime::Graph::CleanUnusedInitializersAndNodeArgs] Removing initializer '/model/decoder/layers.1/self_attn_layer_norm/Constant_1_output_0'. It is not used by any node and should be removed from the model.
2026-05-20 22:49:49.1921028 [W:onnxruntime:, graph.cc:3490 onnxruntime::Graph::CleanUnusedInitializersAndNodeArgs] Removing initializer '/model/decoder/layers.11/self_attn_layer_norm/Constant_output_0'. It is not used by any node and should be removed from the model.
2026-05-20 22:49:49.2208984 [W:onnxruntime:, graph.cc:3490 onnxruntime::Graph::CleanUnusedInitializersAndNodeArgs] Removing initializer '/model/decoder/layers.1/encoder_attn_layer_norm/Constant_output_0'. It is not used by any node and should be removed from the model.
2026-05-20 22:49:49.2490929 [W:onnxruntime:, graph.cc:3490 onnxruntime::Graph::CleanUnusedInitializersAndNodeArgs] Removing initializer '/model/decoder/layers.7/final_layer_norm/Constant_1_output_0'. It is not used by any node and should be removed from the model.
2026-05-20 22:49:49.2790979 [W:onnxruntime:, graph.cc:3490 onnxruntime::Graph::CleanUnusedInitializersAndNodeArgs] Removing initializer '/model/decoder/layers.1/final_layer_norm/Constant_output_0'. It is not used by any node and should be removed from the model.
2026-05-20 22:49:49.3083784 [W:onnxruntime:, graph.cc:3490 onnxruntime::Graph::CleanUnusedInitializersAndNodeArgs] Removing initializer '/model/decoder/layers.1/final_layer_norm/Constant_1_output_0'. It is not used by any node and should be removed from the model.
2026-05-20 22:49:49.3353794 [W:onnxruntime:, graph.cc:3490 onnxruntime::Graph::CleanUnusedInitializersAndNodeArgs] Removing initializer '/model/decoder/layers.2/self_attn_layer_norm/Constant_output_0'. It is not used by any node and should be removed from the model.
2026-05-20 22:49:49.3641859 [W:onnxruntime:, graph.cc:3490 onnxruntime::Graph::CleanUnusedInitializersAndNodeArgs] Removing initializer '/model/decoder/layers.2/self_attn_layer_norm/Constant_1_output_0'. It is not used by any node and should be removed from the model.
2026-05-20 22:49:49.3914252 [W:onnxruntime:, graph.cc:3490 onnxruntime::Graph::CleanUnusedInitializersAndNodeArgs] Removing initializer '/model/decoder/layers.11/encoder_attn_layer_norm/Constant_1_output_0'. It is not used by any node and should be removed from the model.
2026-05-20 22:49:49.4197527 [W:onnxruntime:, graph.cc:3490 onnxruntime::Graph::CleanUnusedInitializersAndNodeArgs] Removing initializer '/model/decoder/layers.7/encoder_attn_layer_norm/Constant_output_0'. It is not used by any node and should be removed from the model.
2026-05-20 22:49:49.4478919 [W:onnxruntime:, graph.cc:3490 onnxruntime::Graph::CleanUnusedInitializersAndNodeArgs] Removing initializer '/model/decoder/layers.10/encoder_attn_layer_norm/Constant_1_output_0'. It is not used by any node and should be removed from the model.
2026-05-20 22:49:49.4772419 [W:onnxruntime:, graph.cc:3490 onnxruntime::Graph::CleanUnusedInitializersAndNodeArgs] Removing initializer '/model/decoder/layers.10/self_attn_layer_norm/Constant_1_output_0'. It is not used by any node and should be removed from the model.
2026-05-20 22:49:49.5056973 [W:onnxruntime:, graph.cc:3490 onnxruntime::Graph::CleanUnusedInitializersAndNodeArgs] Removing initializer '/model/decoder/layers.2/encoder_attn_layer_norm/Constant_output_0'. It is not used by any node and should be removed from the model.
2026-05-20 22:49:49.5347652 [W:onnxruntime:, graph.cc:3490 onnxruntime::Graph::CleanUnusedInitializersAndNodeArgs] Removing initializer '/model/decoder/layers.2/encoder_attn_layer_norm/Constant_1_output_0'. It is not used by any node and should be removed from the model.
2026-05-20 22:49:49.5640958 [W:onnxruntime:, graph.cc:3490 onnxruntime::Graph::CleanUnusedInitializersAndNodeArgs] Removing initializer '/model/decoder/layers.9/final_layer_norm/Constant_output_0'. It is not used by any node and should be removed from the model.
2026-05-20 22:49:49.5914042 [W:onnxruntime:, graph.cc:3490 onnxruntime::Graph::CleanUnusedInitializersAndNodeArgs] Removing initializer '/model/decoder/layers.9/final_layer_norm/Constant_1_output_0'. It is not used by any node and should be removed from the model.
2026-05-20 22:49:49.6186710 [W:onnxruntime:, graph.cc:3490 onnxruntime::Graph::CleanUnusedInitializersAndNodeArgs] Removing initializer '/model/decoder/layers.4/final_layer_norm/Constant_output_0'. It is not used by any node and should be removed from the model.
2026-05-20 22:49:49.6458325 [W:onnxruntime:, graph.cc:3490 onnxruntime::Graph::CleanUnusedInitializersAndNodeArgs] Removing initializer '/model/decoder/layers.9/encoder_attn_layer_norm/Constant_output_0'. It is not used by any node and should be removed from the model.
2026-05-20 22:49:49.6749491 [W:onnxruntime:, graph.cc:3490 onnxruntime::Graph::CleanUnusedInitializersAndNodeArgs] Removing initializer '/model/decoder/layers.4/encoder_attn_layer_norm/Constant_1_output_0'. It is not used by any node and should be removed from the model.
2026-05-20 22:49:49.7034361 [W:onnxruntime:, graph.cc:3490 onnxruntime::Graph::CleanUnusedInitializersAndNodeArgs] Removing initializer '/model/decoder/layers.2/final_layer_norm/Constant_output_0'. It is not used by any node and should be removed from the model.
2026-05-20 22:49:49.7315884 [W:onnxruntime:, graph.cc:3490 onnxruntime::Graph::CleanUnusedInitializersAndNodeArgs] Removing initializer '/model/decoder/layers.2/final_layer_norm/Constant_1_output_0'. It is not used by any node and should be removed from the model.
2026-05-20 22:49:49.7587830 [W:onnxruntime:, graph.cc:3490 onnxruntime::Graph::CleanUnusedInitializersAndNodeArgs] Removing initializer '/model/decoder/layers.3/self_attn_layer_norm/Constant_output_0'. It is not used by any node and should be removed from the model.
2026-05-20 22:49:49.7871362 [W:onnxruntime:, graph.cc:3490 onnxruntime::Graph::CleanUnusedInitializersAndNodeArgs] Removing initializer '/model/decoder/layers.3/self_attn_layer_norm/Constant_1_output_0'. It is not used by any node and should be removed from the model.
2026-05-20 22:49:49.8134353 [W:onnxruntime:, graph.cc:3490 onnxruntime::Graph::CleanUnusedInitializersAndNodeArgs] Removing initializer '/model/decoder/layers.3/encoder_attn_layer_norm/Constant_output_0'. It is not used by any node and should be removed from the model.
2026-05-20 22:49:49.8398640 [W:onnxruntime:, graph.cc:3490 onnxruntime::Graph::CleanUnusedInitializersAndNodeArgs] Removing initializer '/model/decoder/layers.3/encoder_attn_layer_norm/Constant_1_output_0'. It is not used by any node and should be removed from the model.
2026-05-20 22:49:49.8693204 [W:onnxruntime:, graph.cc:3490 onnxruntime::Graph::CleanUnusedInitializersAndNodeArgs] Removing initializer '/model/decoder/layers.3/final_layer_norm/Constant_output_0'. It is not used by any node and should be removed from the model.
2026-05-20 22:49:49.8982511 [W:onnxruntime:, graph.cc:3490 onnxruntime::Graph::CleanUnusedInitializersAndNodeArgs] Removing initializer '/model/decoder/layers.4/self_attn_layer_norm/Constant_output_0'. It is not used by any node and should be removed from the model.
2026-05-20 22:49:49.9256851 [W:onnxruntime:, graph.cc:3490 onnxruntime::Graph::CleanUnusedInitializersAndNodeArgs] Removing initializer '/model/decoder/layers.4/self_attn_layer_norm/Constant_1_output_0'. It is not used by any node and should be removed from the model.
2026-05-20 22:49:49.9539724 [W:onnxruntime:, graph.cc:3490 onnxruntime::Graph::CleanUnusedInitializersAndNodeArgs] Removing initializer '/model/decoder/layers.4/encoder_attn_layer_norm/Constant_output_0'. It is not used by any node and should be removed from the model.
2026-05-20 22:49:49.9821057 [W:onnxruntime:, graph.cc:3490 onnxruntime::Graph::CleanUnusedInitializersAndNodeArgs] Removing initializer '/model/decoder/layers.4/final_layer_norm/Constant_1_output_0'. It is not used by any node and should be removed from the model.
2026-05-20 22:49:50.0088268 [W:onnxruntime:, graph.cc:3490 onnxruntime::Graph::CleanUnusedInitializersAndNodeArgs] Removing initializer '/model/decoder/layers.5/self_attn_layer_norm/Constant_1_output_0'. It is not used by any node and should be removed from the model.
2026-05-20 22:49:50.0360808 [W:onnxruntime:, graph.cc:3490 onnxruntime::Graph::CleanUnusedInitializersAndNodeArgs] Removing initializer '/model/decoder/layers.10/final_layer_norm/Constant_1_output_0'. It is not used by any node and should be removed from the model.
2026-05-20 22:49:50.0638770 [W:onnxruntime:, graph.cc:3490 onnxruntime::Graph::CleanUnusedInitializersAndNodeArgs] Removing initializer '/model/decoder/layers.5/encoder_attn_layer_norm/Constant_output_0'. It is not used by any node and should be removed from the model.
2026-05-20 22:49:50.0912809 [W:onnxruntime:, graph.cc:3490 onnxruntime::Graph::CleanUnusedInitializersAndNodeArgs] Removing initializer '/model/decoder/layers.5/final_layer_norm/Constant_output_0'. It is not used by any node and should be removed from the model.
2026-05-20 22:49:50.1195608 [W:onnxruntime:, graph.cc:3490 onnxruntime::Graph::CleanUnusedInitializersAndNodeArgs] Removing initializer '/model/decoder/layers.5/final_layer_norm/Constant_1_output_0'. It is not used by any node and should be removed from the model.
2026-05-20 22:49:50.1465734 [W:onnxruntime:, graph.cc:3490 onnxruntime::Graph::CleanUnusedInitializersAndNodeArgs] Removing initializer '/model/decoder/layers.6/self_attn_layer_norm/Constant_output_0'. It is not used by any node and should be removed from the model.
2026-05-20 22:49:50.1736197 [W:onnxruntime:, graph.cc:3490 onnxruntime::Graph::CleanUnusedInitializersAndNodeArgs] Removing initializer '/model/decoder/layers.6/self_attn_layer_norm/Constant_1_output_0'. It is not used by any node and should be removed from the model.
2026-05-20 22:49:50.2024401 [W:onnxruntime:, graph.cc:3490 onnxruntime::Graph::CleanUnusedInitializersAndNodeArgs] Removing initializer '/model/decoder/layers.8/final_layer_norm/Constant_1_output_0'. It is not used by any node and should be removed from the model.
2026-05-20 22:49:50.2307564 [W:onnxruntime:, graph.cc:3490 onnxruntime::Graph::CleanUnusedInitializersAndNodeArgs] Removing initializer '/model/decoder/layers.7/encoder_attn_layer_norm/Constant_1_output_0'. It is not used by any node and should be removed from the model.
2026-05-20 22:49:50.2595257 [W:onnxruntime:, graph.cc:3490 onnxruntime::Graph::CleanUnusedInitializersAndNodeArgs] Removing initializer '/model/decoder/layers.6/encoder_attn_layer_norm/Constant_output_0'. It is not used by any node and should be removed from the model.
2026-05-20 22:49:50.2865057 [W:onnxruntime:, graph.cc:3490 onnxruntime::Graph::CleanUnusedInitializersAndNodeArgs] Removing initializer '/model/decoder/layers.6/encoder_attn_layer_norm/Constant_1_output_0'. It is not used by any node and should be removed from the model.
2026-05-20 22:49:50.3130075 [W:onnxruntime:, graph.cc:3490 onnxruntime::Graph::CleanUnusedInitializersAndNodeArgs] Removing initializer '/model/decoder/layers.6/final_layer_norm/Constant_1_output_0'. It is not used by any node and should be removed from the model.
2026-05-20 22:49:50.3430762 [W:onnxruntime:, graph.cc:3490 onnxruntime::Graph::CleanUnusedInitializersAndNodeArgs] Removing initializer '/model/decoder/layers.7/self_attn_layer_norm/Constant_output_0'. It is not used by any node and should be removed from the model.
2026-05-20 22:49:50.3697606 [W:onnxruntime:, graph.cc:3490 onnxruntime::Graph::CleanUnusedInitializersAndNodeArgs] Removing initializer '/model/decoder/layers.7/self_attn_layer_norm/Constant_1_output_0'. It is not used by any node and should be removed from the model.
2026-05-20 22:49:50.3980665 [W:onnxruntime:, graph.cc:3490 onnxruntime::Graph::CleanUnusedInitializersAndNodeArgs] Removing initializer '/model/decoder/layers.10/encoder_attn_layer_norm/Constant_output_0'. It is not used by any node and should be removed from the model.
2026-05-20 22:49:50.4263414 [W:onnxruntime:, graph.cc:3490 onnxruntime::Graph::CleanUnusedInitializersAndNodeArgs] Removing initializer '/model/decoder/layers.8/self_attn_layer_norm/Constant_1_output_0'. It is not used by any node and should be removed from the model.
2026-05-20 22:49:50.4538586 [W:onnxruntime:, graph.cc:3490 onnxruntime::Graph::CleanUnusedInitializersAndNodeArgs] Removing initializer '/model/decoder/layers.7/final_layer_norm/Constant_output_0'. It is not used by any node and should be removed from the model.
2026-05-20 22:49:50.4796655 [W:onnxruntime:, graph.cc:3490 onnxruntime::Graph::CleanUnusedInitializersAndNodeArgs] Removing initializer '/model/decoder/layers.8/self_attn_layer_norm/Constant_output_0'. It is not used by any node and should be removed from the model.
2026-05-20 22:49:50.5089727 [W:onnxruntime:, graph.cc:3490 onnxruntime::Graph::CleanUnusedInitializersAndNodeArgs] Removing initializer '/model/decoder/layers.8/encoder_attn_layer_norm/Constant_output_0'. It is not used by any node and should be removed from the model.
2026-05-20 22:49:50.5367018 [W:onnxruntime:, graph.cc:3490 onnxruntime::Graph::CleanUnusedInitializersAndNodeArgs] Removing initializer '/model/decoder/layers.8/encoder_attn_layer_norm/Constant_1_output_0'. It is not used by any node and should be removed from the model.
2026-05-20 22:49:50.5650990 [W:onnxruntime:, graph.cc:3490 onnxruntime::Graph::CleanUnusedInitializersAndNodeArgs] Removing initializer '/model/decoder/layers.8/final_layer_norm/Constant_output_0'. It is not used by any node and should be removed from the model.
2026-05-20 22:49:50.5941115 [W:onnxruntime:, graph.cc:3490 onnxruntime::Graph::CleanUnusedInitializersAndNodeArgs] Removing initializer '/model/decoder/layers.9/self_attn_layer_norm/Constant_output_0'. It is not used by any node and should be removed from the model.
2026-05-20 22:49:50.6208942 [W:onnxruntime:, graph.cc:3490 onnxruntime::Graph::CleanUnusedInitializersAndNodeArgs] Removing initializer '/model/decoder/layers.9/self_attn_layer_norm/Constant_1_output_0'. It is not used by any node and should be removed from the model.
2026-05-20 22:49:50.6496120 [W:onnxruntime:, graph.cc:3490 onnxruntime::Graph::CleanUnusedInitializersAndNodeArgs] Removing initializer '/model/decoder/layers.11/encoder_attn_layer_norm/Constant_output_0'. It is not used by any node and should be removed from the model.
2026-05-20 22:49:50.6785763 [W:onnxruntime:, graph.cc:3490 onnxruntime::Graph::CleanUnusedInitializersAndNodeArgs] Removing initializer '/model/decoder/layers.10/self_attn_layer_norm/Constant_output_0'. It is not used by any node and should be removed from the model.
2026-05-20 22:49:50.7051070 [W:onnxruntime:, graph.cc:3490 onnxruntime::Graph::CleanUnusedInitializersAndNodeArgs] Removing initializer '/model/decoder/layers.10/final_layer_norm/Constant_output_0'. It is not used by any node and should be removed from the model.
2026-05-20 22:49:50.7345427 [W:onnxruntime:, graph.cc:3490 onnxruntime::Graph::CleanUnusedInitializersAndNodeArgs] Removing initializer '/model/decoder/layers.11/self_attn_layer_norm/Constant_1_output_0'. It is not used by any node and should be removed from the model.
2026-05-20 22:49:50.7618756 [W:onnxruntime:, graph.cc:3490 onnxruntime::Graph::CleanUnusedInitializersAndNodeArgs] Removing initializer '/model/decoder/layers.11/final_layer_norm/Constant_output_0'. It is not used by any node and should be removed from the model.
2026-05-20 22:49:50.7886238 [W:onnxruntime:, graph.cc:3490 onnxruntime::Graph::CleanUnusedInitializersAndNodeArgs] Removing initializer '/model/decoder/layers.11/final_layer_norm/Constant_1_output_0'. It is not used by any node and should be removed from the model.
2026-05-20 22:49:50.8173556 [W:onnxruntime:, graph.cc:3490 onnxruntime::Graph::CleanUnusedInitializersAndNodeArgs] Removing initializer '/model/decoder/layer_norm/Constant_output_0'. It is not used by any node and should be removed from the model.
2026-05-20 22:49:50.8438296 [W:onnxruntime:, graph.cc:3490 onnxruntime::Graph::CleanUnusedInitializersAndNodeArgs] Removing initializer '/model/decoder/layer_norm/Constant_1_output_0'. It is not used by any node and should be removed from the model.
